other 6
T/myint32 7
T/myint32 8
T/myint32 9
T/myint32 10
other 42
